[www.leeds.ac.uk/index.html]
[backblue.gif]
[fade.gif]
[index.html]
[jaducdn.leeds.ac.uk/uol-ds/1.0.1/favicons/apple-icon-57x57.png]
[jaducdn.leeds.ac.uk/uol-ds/1.0.1/favicons/apple-icon-60x60.png]
[jaducdn.leeds.ac.uk/uol-ds/1.0.1/favicons/apple-icon-72x72.png]
[jaducdn.leeds.ac.uk/uol-ds/1.0.1/favicons/apple-icon-76x76.png]
[jaducdn.leeds.ac.uk/uol-ds/1.0.1/favicons/apple-icon-114x114.png]
[jaducdn.leeds.ac.uk/uol-ds/1.0.1/favicons/apple-icon-120x120.png]
[jaducdn.leeds.ac.uk/uol-ds/1.0.1/favicons/apple-icon-144x144.png]
[jaducdn.leeds.ac.uk/uol-ds/1.0.1/favicons/apple-icon-152x152.png]
[jaducdn.leeds.ac.uk/uol-ds/1.0.1/favicons/apple-icon-180x180.png]
[jaducdn.leeds.ac.uk/uol-ds/1.0.1/favicons/android-icon-192x192.png]
[jaducdn.leeds.ac.uk/uol-ds/1.0.1/favicons/favicon-32x32.png]
[jaducdn.leeds.ac.uk/uol-ds/1.0.1/favicons/favicon-96x96.png]
[jaducdn.leeds.ac.uk/uol-ds/1.0.1/favicons/favicon-16x16.png]
[jaducdn.leeds.ac.uk/uol-ds/1.0.1/favicons/ms-icon-144x144.png]
[use.typekit.net/xpd0xwa.css]
[jaducdn.leeds.ac.uk/uol-ds/1.0.1/css/style.css]
[jaducdn.leeds.ac.uk/uol-ds/1.0.1/scripts/modernizr-custom.js]
[www.leeds.ac.uk/lifelong-learning.html]
[www.leeds.ac.uk/language-centre.html]
[www.leeds.ac.uk/alumni.html]
[www.leeds.ac.uk/undergraduate.html]
[www.leeds.ac.uk/masters.html]
[www.leeds.ac.uk/research-degrees.html]
[www.leeds.ac.uk/international-students.html]
[www.leeds.ac.uk/online-courses.html]
[www.leeds.ac.uk/open-days-and-visits.html]
[www.leeds.ac.uk/research-and-innovation.html]
[www.leeds.ac.uk/business-partnerships.html]
[www.leeds.ac.uk/global.html]
[www.leeds.ac.uk/around-campus.html]
[www.leeds.ac.uk/give-to-leeds.html]
[www.leeds.ac.uk/about.html]
[www.leeds.ac.uk/site/custom_scripts/image0e3b.jpg]
[www.leeds.ac.uk/postgraduate-virtual-open-day.html]
[www.leeds.ac.uk/site/custom_scripts/imagede5c.jpg]
[www.leeds.ac.uk/site/custom_scripts/image8c16.jpg]
[www.leeds.ac.uk/site/custom_scripts/image007a.jpg]
[www.leeds.ac.uk/lifelong-learning/doc/events-20.html]
[www.leeds.ac.uk/news.html]
[www.leeds.ac.uk/main-index/news/article/5178/poet-laureate-attends-open-mic-poetry-session-on-campus.html]
[www.leeds.ac.uk/site/custom_scripts/image82bc.png]
[www.leeds.ac.uk/main-index/news/article/5180/mapping-the-pressures-of-global-food-production.html]
[www.leeds.ac.uk/site/custom_scripts/imagec953.jpg]
[www.leeds.ac.uk/main-index/news/article/5176/getting-yorkshire-to-net-zero.html]
[www.leeds.ac.uk/site/custom_scripts/imagec127.jpg]
[www.leeds.ac.uk/main-index/news/article/5175/over-a-third-of-office-workers-hybrid-misfits.html]
[www.leeds.ac.uk/site/custom_scripts/imagecc7f.png]
[www.leeds.ac.uk/main-index/news/article/5173/ancient-inscription-unveiled-to-the-public.html]
[www.leeds.ac.uk/site/custom_scripts/imagec04d.png]
[www.leeds.ac.uk/main-index/news/article/5168/improving-patient-safety.html]
[www.leeds.ac.uk/site/custom_scripts/imagec44c.jpg]
[www.leeds.ac.uk/main-index/news/article/5101/ukraine.html]
[www.leeds.ac.uk/site/custom_scripts/imagef3ba.jpg]
[www.leeds.ac.uk/events.html]
[www.leeds.ac.uk/main-index/events/event/16/the-cottingley-fairies-a-study-in-deception.html]
[www.leeds.ac.uk/main-index/events/event/220/guido-marchini-textile-designer.html]
[www.leeds.ac.uk/main-index/events/event/194/fuam-graduate-art-prize-exhibition-2022.html]
[www.leeds.ac.uk/main-index/events/event/216/war-in-our-time-webinar-series.html]
[www.leeds.ac.uk/site/custom_scripts/image7987.png]
[www.leeds.ac.uk/spotlight.html]
[www.leeds.ac.uk/campusmap.html]
[www.leeds.ac.uk/about/doc/about-heritage.html]
[www.leeds.ac.uk/faculties/doc/faculties-contacts.html]
[www.leeds.ac.uk/about/doc/about-governance.html]
[www.leeds.ac.uk/info/5000/about/136/values_and_responsibility.html]
[www.leeds.ac.uk/senior-lay-officers-executive.html]
[www.leeds.ac.uk/university-jobs.html]
[www.leeds.ac.uk/term-dates.html]
[www.leeds.ac.uk/press.html]
[www.leeds.ac.uk/staffaz.html]
[www.leeds.ac.uk/about/doc/about-contact-us.html]
[www.leeds.ac.uk/privacy.html]
[www.leeds.ac.uk/about/doc/accessibility-statement.html]
[www.leeds.ac.uk/termsandconditions.html]
[www.leeds.ac.uk/freedom-of-information.html]
[code.jquery.com/jquery-3.4.1.min.js]
[www.leeds.ac.uk/ajax-news-events.67.delayed]
[www.leeds.ac.uk/404.68.delayed]
[www.leeds.ac.uk/404-error.html]
[jaducdn.leeds.ac.uk/uol-ds/1.0.1/scripts/bundle.js]
[www.leeds.ac.uk/index.html]
[jaducdn.leeds.ac.uk/uol-ds/1.0.1/scripts/uol-cookie-control4abf.js]
[use.typekit.net/af/442215/000000000000000000010b5a/27/le196]
[use.typekit.net/af/442215/000000000000000000010b5a/27/de196]
[use.typekit.net/af/442215/000000000000000000010b5a/27/ae196]
[use.typekit.net/af/8dd886/000000000000000000010b5c/27/le003]
[use.typekit.net/af/8dd886/000000000000000000010b5c/27/de003]
[use.typekit.net/af/8dd886/000000000000000000010b5c/27/ae003]
[use.typekit.net/af/cef9f3/000000000000000000010b5e/27/l5bba]
[use.typekit.net/af/cef9f3/000000000000000000010b5e/27/d5bba]
[use.typekit.net/af/cef9f3/000000000000000000010b5e/27/a5bba]
[use.typekit.net/af/4b422b/000000000000000077359fbd/30/le003]
[use.typekit.net/af/4b422b/000000000000000077359fbd/30/de003]
[use.typekit.net/af/4b422b/000000000000000077359fbd/30/ae003]
[use.typekit.net/af/80e9a7/000000000000000077359fce/30/lc150]
[use.typekit.net/af/80e9a7/000000000000000077359fce/30/dc150]
[use.typekit.net/af/80e9a7/000000000000000077359fce/30/ac150]
[use.typekit.net/xpd0xwa.css]
[jaducdn.leeds.ac.uk/uol-ds/1.0.1/img/avatar-missing.png]
[jaducdn.leeds.ac.uk/uol-ds/1.0.1/css/style.css]
[www.leeds.ac.uk/lifelong-learning/doc/lifelong-learning-courses.html]
[www.leeds.ac.uk/lifelong-learning/doc/study-us.html]
[www.leeds.ac.uk/lifelong-learning/doc/lifelong-learning-students.html]
[www.leeds.ac.uk/lifelong-learning/doc/work-community-organisations.html]
[www.leeds.ac.uk/lifelong-learning/doc/where-to-find-us.html]
[www.leeds.ac.uk/lifelong-learning/doc/contact-LLC-staff.html]
[www.leeds.ac.uk/site/custom_scripts/image49f5.jpg]
[www.leeds.ac.uk/site/custom_scripts/image34a2.jpg]
[www.leeds.ac.uk/site/custom_scripts/image6c4a.jpg]
[www.leeds.ac.uk/directory_record/18551/david_ibitson_and_madeleine_newman.html]
[www.leeds.ac.uk/site/custom_scripts/image6a8b.jpg]
[www.leeds.ac.uk/directory_record/18552/rosa_mas_giralt_and_mohammed_hussain.html]
[www.leeds.ac.uk/site/custom_scripts/imagefa16.jpg]
[www.leeds.ac.uk/lifelong-learning.html]
[www.leeds.ac.uk/working-with-business-training-development/doc/training-apprenticeships.html]
[www.leeds.ac.uk/language-centre/doc/postgraduate-pre-sessional-english.html]
[www.leeds.ac.uk/language-centre/doc/undergraduate-pre-sessional-english.html]
[www.leeds.ac.uk/language-centre/doc/general-english-course.html]
[www.leeds.ac.uk/language-centre/doc/online-pre-sessional.html]
[www.leeds.ac.uk/language-centre/doc/pay.html]
[www.leeds.ac.uk/language-centre/doc/language-centre-apply.html]
[www.leeds.ac.uk/language-centre/doc/specially-designed-courses.html]
[www.leeds.ac.uk/language-centre/doc/language-centre-student-support.html]
[www.leeds.ac.uk/language-centre/doc/language-centre-preparation-arrival.html]
[www.leeds.ac.uk/language-centre/doc/social-activities.html]
[www.leeds.ac.uk/language-centre/doc/language-zone.html]
[www.leeds.ac.uk/language-centre/doc/ma-teaching-english-academic-purposes.html]
[www.leeds.ac.uk/site/custom_scripts/image56b6.jpg]
[www.leeds.ac.uk/site/custom_scripts/imaged26d.jpg]
[www.leeds.ac.uk/site/custom_scripts/image2713.jpg]
[www.leeds.ac.uk/site/custom_scripts/imagee0e3.jpg]
[www.leeds.ac.uk/site/custom_scripts/image0484.jpg]
[www.leeds.ac.uk/site/custom_scripts/image9706.jpg]
[www.leeds.ac.uk/site/custom_scripts/image3c60.jpg]
[www.leeds.ac.uk/campusmap7150.html]
[www.leeds.ac.uk/language-centre.html]
[www.leeds.ac.uk/language-centre/dir/profiles.html]
[www.leeds.ac.uk/alumni-news.html]
[www.leeds.ac.uk/alumni-events.html]
[www.leeds.ac.uk/alumni-events/doc/reunions.html]
[www.leeds.ac.uk/alumni-events/doc/events-replay.html]
[www.leeds.ac.uk/alumni-community.html]
[www.leeds.ac.uk/alumni-community/doc/alumni-stories.html]
[www.leeds.ac.uk/alumni-community/doc/global-alumni-groups.html]
[www.leeds.ac.uk/alumni-community/doc/who-studied-here.html]
[www.leeds.ac.uk/alumni-community/doc/who-played-here.html]
[www.leeds.ac.uk/alumni-community/doc/book-club.html]
[www.leeds.ac.uk/alumni-services.html]
[www.leeds.ac.uk/alumni-services/doc/reunions.html]
[www.leeds.ac.uk/alumni-services/doc/benefits-alumni.html]
[www.leeds.ac.uk/alumni-services/doc/alumni-careers-support.html]
[www.leeds.ac.uk/alumni-volunteering.html]
[www.leeds.ac.uk/alumni-volunteering/doc/internships-placements.html]
[www.leeds.ac.uk/alumni-volunteering/doc/mentoring.html]
[www.leeds.ac.uk/alumni-volunteering/doc/voluntary-opportunities.html]
[www.leeds.ac.uk/alumni/doc/update-details.html]
[www.leeds.ac.uk/alumni/doc/alumni-give-to-leeds.html]
[www.leeds.ac.uk/alumni/doc/alumni-get-in-touch.html]
[www.leeds.ac.uk/site/custom_scripts/imageb0fb.jpg]
[www.leeds.ac.uk/site/custom_scripts/image11f4.jpg]
[www.leeds.ac.uk/site/custom_scripts/image0fea.png]
[www.leeds.ac.uk/site/custom_scripts/imagec927.jpg]
[www.leeds.ac.uk/site/custom_scripts/image9e20.jpg]
[www.leeds.ac.uk/site/custom_scripts/image2395.jpg]
[www.leeds.ac.uk/news-alumni/news/article/5169/author-and-leeds-alum-peter-robinson-dies.html]
[www.leeds.ac.uk/site/custom_scripts/imagee149.png]
[www.leeds.ac.uk/alumni-news/news/article/5157/leeds-in-toronto-can-we-eat-our-way-out-of-climate-change.html]
[www.leeds.ac.uk/site/custom_scripts/image2830.png]
[www.leeds.ac.uk/alumni-news/news/article/5154/using-leeds-knowledge-to-save-lives.html]
[www.leeds.ac.uk/site/custom_scripts/imagefdeb.png]
[www.leeds.ac.uk/alumni/events/event/242/no-machos-or-pop-stars-book-launch.html]
[www.leeds.ac.uk/alumni/events/event/214/toronto-alumni-brunch-and-lecture-can-we-eat-our-way-out-of-climate-change.html]
[www.leeds.ac.uk/alumni/events/event/238/design-an-effective-influencing-strategy-for-maximum-impact.html]
[www.leeds.ac.uk/alumni/events/event/249/a-conversation-with-tom-williams-coo-of-parkrun.html]
[www.leeds.ac.uk/alumni.html]
[www.leeds.ac.uk/alumni/events/event/262/sounding-out-the-soil.html]
[www.leeds.ac.uk/undergraduate-how-to-apply/doc/apply.html]
[www.leeds.ac.uk/undergraduate-how-to-apply/doc/accepted-qualifications.html]
[www.leeds.ac.uk/undergraduate-how-to-apply/doc/application-timetable.html]
[www.leeds.ac.uk/undergraduate-how-to-apply/doc/writing-personal-statement.html]
[www.leeds.ac.uk/undergraduate-applying/doc/alternative-admissions.html]
[www.leeds.ac.uk/undergraduate-applying/doc/types-course.html]
[www.leeds.ac.uk/undergraduate-applying/doc/after-you-apply.html]
[www.leeds.ac.uk/undergraduate-applying/doc/transparency-data.html]
[www.leeds.ac.uk/undergraduate-fees/doc/fees-undergraduate-fees.html]
[www.leeds.ac.uk/undergraduate-fees/doc/additional-costs.html]
[www.leeds.ac.uk/undergraduate-fees/doc/living-expenses.html]
[www.leeds.ac.uk/undergraduate-funding.html]
[www.leeds.ac.uk/undergraduate-funding-university/doc/leeds-bursary.html]
[www.leeds.ac.uk/undergraduate-funding-university/doc/personal-circumstances-scholarships.html]
[www.leeds.ac.uk/undergraduate-funding-university/doc/scholarships-academic-achievement.html]
[www.leeds.ac.uk/undergraduate-funding-university/doc/scholarships-faqs.html]
[www.leeds.ac.uk/undergraduate-funding-university/doc/sanctuary-scholarship.html]
[www.leeds.ac.uk/undergraduate-funding-university/doc/financial-hardship-funding.html]
[www.leeds.ac.uk/undergraduate-funding-government/doc/student-loans.html]
[www.leeds.ac.uk/undergraduate-funding-government/doc/nhs-funding.html]
[www.leeds.ac.uk/undergraduate-funding-government/doc/funding-disabled-students.html]
[www.leeds.ac.uk/undergraduate-funding-government/doc/funding-students-dependents.html]
[www.leeds.ac.uk/undergraduate-campus-city-life.html]
[www.leeds.ac.uk/undergraduate-student-life/doc/wellbeing-support.html]
[www.leeds.ac.uk/undergraduate-student-life/doc/students-union.html]
[www.leeds.ac.uk/undergraduate-student-life/doc/sport-fitness.html]
[www.leeds.ac.uk/undergraduate-career/doc/careers-support.html]
[www.leeds.ac.uk/undergraduate-career/doc/leeds-life.html]
[www.leeds.ac.uk/undergraduate-student-opportunities/doc/enrichment-study-abroad.html]
[www.leeds.ac.uk/undergraduate-student-opportunities/doc/work-experience.html]
[www.leeds.ac.uk/undergraduate-student-opportunities/doc/student-enterprise.html]
[www.leeds.ac.uk/undergraduate-student-opportunities/doc/enrichment-volunteering.html]
[www.leeds.ac.uk/undergraduate-learning-experience/doc/learning-teaching.html]
[www.leeds.ac.uk/undergraduate-learning-experience/doc/study-facilities.html]
[cdn.unibuddy.co/unibuddy-popcard.js]
[www.leeds.ac.uk/site/custom_scripts/image8710.jpg]
[www.leeds.ac.uk/undergraduate-offer.html]
[www.leeds.ac.uk/site/custom_scripts/imagef5e8.jpg]
[www.leeds.ac.uk/site/custom_scripts/imagecc17.jpg]
[www.leeds.ac.uk/undergraduate-applying/doc/apply.html]
[www.leeds.ac.uk/site/custom_scripts/image5039.jpg]
[www.leeds.ac.uk/access-to-leeds.html]
[www.leeds.ac.uk/site/custom_scripts/imagea093.jpg]
[www.leeds.ac.uk/site/custom_scripts/imagef509.jpg]
[www.leeds.ac.uk/site/custom_scripts/imagebfef.jpg]
[www.leeds.ac.uk/chat-to-students.html]
[www.leeds.ac.uk/site/custom_scripts/image5274.jpg]
[www.leeds.ac.uk/undergraduate/dir-record/profiles/15413/ellie-sleightholm.html]
[www.leeds.ac.uk/site/custom_scripts/imagefb6d.jpg]
[www.leeds.ac.uk/undergraduate/dir-record/profiles/15400/rohan-cheerala.html]
[www.leeds.ac.uk/site/custom_scripts/image8990.jpg]
[www.leeds.ac.uk/undergraduate/dir-record/profiles/15431/george-hobley.html]
[www.leeds.ac.uk/site/custom_scripts/imageb023.jpg]
[www.leeds.ac.uk/undergraduate/dir-record/profiles/15161/jefferson-sanchez.html]
[www.leeds.ac.uk/site/custom_scripts/image6619.jpg]
[www.leeds.ac.uk/undergraduate-teachers-advisors.html]
[www.leeds.ac.uk/undergraduate.html]
[www.leeds.ac.uk/undergraduate-parents-carers.html]
[www.leeds.ac.uk/masters-applying/doc/apply-masters-courses.html]
[www.leeds.ac.uk/masters-applying/doc/types-postgraduate-course.html]
[www.leeds.ac.uk/masters-fees/doc/fees-masters-fees.html]
[www.leeds.ac.uk/masters-fees/doc/additional-costs.html]
[www.leeds.ac.uk/masters-fees/doc/tuition-fee-deposits-masters-applicants.html]
[www.leeds.ac.uk/masters-fees/doc/living-expenses.html]
[www.leeds.ac.uk/masters-fees/doc/paying-online-courses.html]
[www.leeds.ac.uk/masters-funding.html]
[www.leeds.ac.uk/masters-funding-scholarships/doc/alumni-bursary.html]
[www.leeds.ac.uk/masters-funding-scholarships/doc/leeds-masters-scholarships.html]
[www.leeds.ac.uk/masters-funding-scholarships/doc/international-excellence-scholarships.html]
[www.leeds.ac.uk/masters-funding-scholarships/doc/subject-related-scholarships.html]
[www.leeds.ac.uk/masters-funding-scholarships/doc/sanctuary-scholarship.html]
[www.leeds.ac.uk/masters-funding-scholarships/doc/financial-hardship-funding.html]
[www.leeds.ac.uk/masters-funding-postgraduate-loans-bursaries/doc/pglb-government-postgraduate-loans.html]
[www.leeds.ac.uk/masters-funding-postgraduate-loans-bursaries/doc/nhs-funding.html]
[www.leeds.ac.uk/masters-funding-postgraduate-loans-bursaries/doc/funding-disabled-students.html]
[www.leeds.ac.uk/masters-funding-postgraduate-loans-bursaries/doc/funding-students-dependents.html]
[www.leeds.ac.uk/masters-your-career/doc/careers.html]
[www.leeds.ac.uk/masters-your-career/doc/professional-development.html]
[www.leeds.ac.uk/masters-your-career/doc/student-enterprise.html]
[www.leeds.ac.uk/masters-academic-experience/doc/academic-experience-learning-teaching.html]
[www.leeds.ac.uk/masters-academic-experience/doc/academic-experience-facilities.html]
[www.leeds.ac.uk/masters-campus-city-life.html]
[www.leeds.ac.uk/masters-campus-life/doc/sport-fitness.html]
[www.leeds.ac.uk/masters-campus-life/doc/students-union.html]
[www.leeds.ac.uk/masters-campus-life/doc/global-university.html]
[www.leeds.ac.uk/masters-campus-life/doc/wellbeing-support.html]
[www.leeds.ac.uk/masters-offer.html]
[www.leeds.ac.uk/masters-offer/doc/masters-your-offer-explained.html]
[www.leeds.ac.uk/masters-offer/doc/masters-information-international-students.html]
[www.leeds.ac.uk/masters-offer/doc/masters-fees-funding.html]
[www.leeds.ac.uk/masters-offer/doc/masters-offer-accommodation.html]
[www.leeds.ac.uk/masters-offer/doc/wellbeing-support.html]
[www.leeds.ac.uk/masters/doc/postgraduate-fairs.html]
[www.leeds.ac.uk/site/custom_scripts/image7038.jpg]
[www.leeds.ac.uk/site/custom_scripts/imageba4a.jpg]
[www.leeds.ac.uk/site/custom_scripts/image7b67.jpg]
[www.leeds.ac.uk/site/custom_scripts/imagef639.jpg]
[www.leeds.ac.uk/site/custom_scripts/image9cd8.jpg]
[www.leeds.ac.uk/site/custom_scripts/imagebf07.jpg]
[www.leeds.ac.uk/site/custom_scripts/image5015.jpg]
[www.leeds.ac.uk/site/custom_scripts/imageff5c.jpg]
[www.leeds.ac.uk/info/101020/preparing_for_your_future/84/careers.html]
[www.leeds.ac.uk/masters/dir-record/profiles/15194/libby-chilton.html]
[www.leeds.ac.uk/site/custom_scripts/imagefb1f.jpg]
[www.leeds.ac.uk/masters/dir-record/profiles/14989/beth-peacock.html]
[www.leeds.ac.uk/site/custom_scripts/image4bb2.jpg]
[www.leeds.ac.uk/international-students/dir-record/profiles/15145/ishan-lee.html]
